#
# There is insufficient memory for the Java Runtime Environment to continue.
# Native memory allocation (malloc) failed to allocate 1287376 bytes. Error detail: Chunk::new
# Possible reasons:
#   The system is out of physical RAM or swap space
#   This process is running with CompressedOops enabled, and the Java Heap may be blocking the growth of the native heap
# Possible solutions:
#   Reduce memory load on the system
#   Increase physical memory or swap space
#   Check if swap backing store is full
#   Decrease Java heap size (-Xmx/-Xms)
#   Decrease number of Java threads
#   Decrease Java thread stack sizes (-Xss)
#   Set larger code cache with -XX:ReservedCodeCacheSize=
#   JVM is running with Unscaled Compressed Oops mode in which the Java heap is
#     placed in the first 4GB address space. The Java Heap base address is the
#     maximum limit for the native heap growth. Please use -XX:HeapBaseMinAddress
#     to set the Java Heap base and to place the Java Heap above 4GB virtual address.
# This output file may be truncated or incomplete.
#
#  Out of Memory Error (arena.cpp:168), pid=7328, tid=14612
#
# JRE version: OpenJDK Runtime Environment (21.0.9) (build 21.0.9+-14787801-b1163.94)
# Java VM: OpenJDK 64-Bit Server VM (21.0.9+-14787801-b1163.94, mixed mode, tiered, compressed oops, compressed class ptrs, g1 gc, windows-amd64)
# No core dump will be written. Minidumps are not enabled by default on client versions of Windows
#

---------------  S U M M A R Y ------------

Command Line: org.jetbrains.kotlin.cli.jvm.K2JVMCompiler @D:\Projects\SchoolSyncTeacher\app\build\20260426_12941249962697540497.compiler.options

Host: AMD Ryzen 3 7320U with Radeon Graphics         , 8 cores, 5G,  Windows 11 , 64 bit Build 26100 (10.0.26100.7920)
Time: Sun Apr 26 14:34:43 2026 India Standard Time elapsed time: 13.351958 seconds (0d 0h 0m 13s)

---------------  T H R E A D  ---------------

Current thread (0x00000206ca5d6300):  JavaThread "C2 CompilerThread1" daemon [_thread_in_native, id=14612, stack(0x000000bb66100000,0x000000bb66200000) (1024K)]


Current CompileTask:
C2:13352 5031   !   4       org.jetbrains.kotlin.metadata.ProtoBuf$Type::<init> (875 bytes)

Stack: [0x000000bb66100000,0x000000bb66200000]
Native frames: (J=compiled Java code, j=interpreted, Vv=VM code, C=native code)
V  [jvm.dll+0x6d6c99]
V  [jvm.dll+0x866b83]
V  [jvm.dll+0x8691ae]
V  [jvm.dll+0x869893]
V  [jvm.dll+0x280776]
V  [jvm.dll+0xc07cd]
V  [jvm.dll+0xc0d03]
V  [jvm.dll+0x3b9831]
V  [jvm.dll+0x3856a7]
V  [jvm.dll+0x384b1a]
V  [jvm.dll+0x249462]
V  [jvm.dll+0x248a31]
V  [jvm.dll+0x1c7344]
V  [jvm.dll+0x2581ae]
V  [jvm.dll+0x2566f6]
V  [jvm.dll+0x3f48a6]
V  [jvm.dll+0x80f118]
V  [jvm.dll+0x6d54ed]
C  [ucrtbase.dll+0x37b0]
C  [KERNEL32.DLL+0x2e8d7]
C  [ntdll.dll+0x8c48c]


---------------  P R O C E S S  ---------------

Threads class SMR info:
_java_thread_list=0x00000206c9cbdc00, length=13, elements={
0x00000206ac1bf920, 0x00000206c702a550, 0x00000206c7042400, 0x00000206c70439d0,
0x00000206c7055c60, 0x00000206c70566c0, 0x00000206c7057c90, 0x00000206c7061270,
0x00000206c7062ca0, 0x00000206c7068580, 0x00000206c7208840, 0x00000206ca5d6300,
0x00000206c9cbd1c0
}

Java Threads: ( => current thread )
  0x00000206ac1bf920 JavaThread "main"                              [_thread_blocked, id=20436, stack(0x000000bb64700000,0x000000bb64800000) (1024K)]
  0x00000206c702a550 JavaThread "Common-Cleaner"             daemon [_thread_blocked, id=20748, stack(0x000000bb64f00000,0x000000bb65000000) (1024K)]
  0x00000206c7042400 JavaThread "Reference Handler"          daemon [_thread_blocked, id=7112, stack(0x000000bb65000000,0x000000bb65100000) (1024K)]
  0x00000206c70439d0 JavaThread "Finalizer"                  daemon [_thread_blocked, id=8944, stack(0x000000bb65100000,0x000000bb65200000) (1024K)]
  0x00000206c7055c60 JavaThread "Signal Dispatcher"          daemon [_thread_blocked, id=12032, stack(0x000000bb65200000,0x000000bb65300000) (1024K)]
  0x00000206c70566c0 JavaThread "Attach Listener"            daemon [_thread_blocked, id=12772, stack(0x000000bb65300000,0x000000bb65400000) (1024K)]
  0x00000206c7057c90 JavaThread "Service Thread"             daemon [_thread_blocked, id=20412, stack(0x000000bb65400000,0x000000bb65500000) (1024K)]
  0x00000206c7061270 JavaThread "Monitor Deflation Thread"   daemon [_thread_blocked, id=16104, stack(0x000000bb65500000,0x000000bb65600000) (1024K)]
  0x00000206c7062ca0 JavaThread "C2 CompilerThread0"         daemon [_thread_in_native, id=10252, stack(0x000000bb65600000,0x000000bb65700000) (1024K)]
  0x00000206c7068580 JavaThread "C1 CompilerThread0"         daemon [_thread_blocked, id=24688, stack(0x000000bb65700000,0x000000bb65800000) (1024K)]
  0x00000206c7208840 JavaThread "Notification Thread"        daemon [_thread_blocked, id=22172, stack(0x000000bb65800000,0x000000bb65900000) (1024K)]
=>0x00000206ca5d6300 JavaThread "C2 CompilerThread1"         daemon [_thread_in_native, id=14612, stack(0x000000bb66100000,0x000000bb66200000) (1024K)]
  0x00000206c9cbd1c0 JavaThread "C2 CompilerThread2"         daemon [_thread_blocked, id=8504, stack(0x000000bb66200000,0x000000bb66300000) (1024K)]
Total: 13

Other Threads:
  0x00000206c2ddd110 VMThread "VM Thread"                           [id=15516, stack(0x000000bb64e00000,0x000000bb64f00000) (1024K)] _threads_hazard_ptr=0x00000206c9cbdc00
  0x00000206c2d48c50 WatcherThread "VM Periodic Task Thread"        [id=9144, stack(0x000000bb64d00000,0x000000bb64e00000) (1024K)]
  0x00000206ac1ff8c0 WorkerThread "GC Thread#0"                     [id=12424, stack(0x000000bb64800000,0x000000bb64900000) (1024K)]
  0x00000206c78b16b0 WorkerThread "GC Thread#1"                     [id=19280, stack(0x000000bb65900000,0x000000bb65a00000) (1024K)]
  0x00000206c792cc50 WorkerThread "GC Thread#2"                     [id=16008, stack(0x000000bb65a00000,0x000000bb65b00000) (1024K)]
  0x00000206c792cff0 WorkerThread "GC Thread#3"                     [id=1532, stack(0x000000bb65b00000,0x000000bb65c00000) (1024K)]
  0x00000206c792f3a0 WorkerThread "GC Thread#4"                     [id=1768, stack(0x000000bb65c00000,0x000000bb65d00000) (1024K)]
  0x00000206c792f740 WorkerThread "GC Thread#5"                     [id=11140, stack(0x000000bb65d00000,0x000000bb65e00000) (1024K)]
  0x00000206c7930e20 WorkerThread "GC Thread#6"                     [id=14076, stack(0x000000bb65e00000,0x000000bb65f00000) (1024K)]
  0x00000206c7930a80 WorkerThread "GC Thread#7"                     [id=25172, stack(0x000000bb65f00000,0x000000bb66000000) (1024K)]
  0x00000206ac20c320 ConcurrentGCThread "G1 Main Marker"            [id=11464, stack(0x000000bb64900000,0x000000bb64a00000) (1024K)]
  0x00000206ac20dc60 WorkerThread "G1 Conc#0"                       [id=5504, stack(0x000000bb64a00000,0x000000bb64b00000) (1024K)]
  0x00000206c79311c0 WorkerThread "G1 Conc#1"                       [id=22532, stack(0x000000bb66000000,0x000000bb66100000) (1024K)]
  0x00000206c2c220c0 ConcurrentGCThread "G1 Refine#0"               [id=15656, stack(0x000000bb64b00000,0x000000bb64c00000) (1024K)]
  0x00000206ac27ac10 ConcurrentGCThread "G1 Service"                [id=18664, stack(0x000000bb64c00000,0x000000bb64d00000) (1024K)]
Total: 15

Threads with active compile tasks:
C2 CompilerThread0  17417 5066   !   4       org.jetbrains.kotlin.metadata.ProtoBuf$Function::<init> (1410 bytes)
C1 CompilerThread0  17417 5101       3       org.jetbrains.kotlin.resolve.calls.checkers.UnderscoreUsageChecker::checkSimpleNameUsage (47 bytes)
C2 CompilerThread1  17417 5031   !   4       org.jetbrains.kotlin.metadata.ProtoBuf$Type::<init> (875 bytes)
C2 CompilerThread2  17417 5054       4       org.jetbrains.org.objectweb.asm.ClassReader::readMethod (1061 bytes)
Total: 4

VM state: synchronizing (normal execution)

VM Mutex/Monitor currently owned by a thread:  ([mutex/lock_event])
[0x00007ffcc77d8690] Threads_lock - owner thread: 0x00000206c2ddd110

Heap address: 0x00000000a2c00000, size: 1492 MB, Compressed Oops mode: 32-bit

CDS archive(s) not mapped
Compressed class space mapped at: 0x0000000100000000-0x0000000140000000, reserved size: 1073741824
Narrow klass base: 0x0000000000000000, Narrow klass shift: 3, Narrow klass range: 0x140000000

GC Precious Log:
 CardTable entry size: 512
 Card Set container configuration: InlinePtr #cards 5 size 8 Array Of Cards #cards 12 size 40 Howl #buckets 4 coarsen threshold 1843 Howl Bitmap #cards 512 size 80 coarsen threshold 460 Card regions per heap region 1 cards per card region 2048
 CPUs: 8 total, 8 available
 Memory: 5965M
 Large Page Support: Disabled
 NUMA Support: Disabled
 Compressed Oops: Enabled (32-bit)
 Heap Region Size: 1M
 Heap Min Capacity: 8M
 Heap Initial Capacity: 94M
 Heap Max Capacity: 1492M
 Pre-touch: Disabled
 Parallel Workers: 8
 Concurrent Workers: 2
 Concurrent Refinement Workers: 8
 Periodic GC: Disabled

Heap:
 garbage-first heap   total 101376K, used 67559K [0x00000000a2c00000, 0x0000000100000000)
  region size 1024K, 16 young (16384K), 3 survivors (3072K)
 Metaspace       used 49134K, committed 49856K, reserved 1114112K
  class space    used 5955K, committed 6336K, reserved 1048576K

Heap Regions: E=young(eden), S=young(survivor), O=old, HS=humongous(starts), HC=humongous(continues), CS=collection set, F=free, TAMS=top-at-mark-start, PB=parsable bottom
|   0|0x00000000a2c00000, 0x00000000a2d00000, 0x00000000a2d00000|100%|HS|  |TAMS 0x00000000a2c00000| PB 0x00000000a2c00000| Complete 
|   1|0x00000000a2d00000, 0x00000000a2e00000, 0x00000000a2e00000|100%|HC|  |TAMS 0x00000000a2d00000| PB 0x00000000a2d00000| Complete 
|   2|0x00000000a2e00000, 0x00000000a2f00000, 0x00000000a2f00000|100%|HC|  |TAMS 0x00000000a2e00000| PB 0x00000000a2e00000| Complete 
|   3|0x00000000a2f00000, 0x00000000a3000000, 0x00000000a3000000|100%|HC|  |TAMS 0x00000000a2f00000| PB 0x00000000a2f00000| Complete 
|   4|0x00000000a3000000, 0x00000000a3100000, 0x00000000a3100000|100%| O|  |TAMS 0x00000000a3000000| PB 0x00000000a3000000| Untracked 
|   5|0x00000000a3100000, 0x00000000a3200000, 0x00000000a3200000|100%| O|  |TAMS 0x00000000a3100000| PB 0x00000000a3100000| Untracked 
|   6|0x00000000a3200000, 0x00000000a3300000, 0x00000000a3300000|100%|HS|  |TAMS 0x00000000a3200000| PB 0x00000000a3200000| Complete 
|   7|0x00000000a3300000, 0x00000000a33f9f00, 0x00000000a3400000| 97%| O|  |TAMS 0x00000000a3300000| PB 0x00000000a3300000| Untracked 
|   8|0x00000000a3400000, 0x00000000a3500000, 0x00000000a3500000|100%| O|  |TAMS 0x00000000a3400000| PB 0x00000000a3400000| Untracked 
|   9|0x00000000a3500000, 0x00000000a3600000, 0x00000000a3600000|100%| O|  |TAMS 0x00000000a3500000| PB 0x00000000a3500000| Untracked 
|  10|0x00000000a3600000, 0x00000000a3700000, 0x00000000a3700000|100%| O|  |TAMS 0x00000000a3600000| PB 0x00000000a3600000| Untracked 
|  11|0x00000000a3700000, 0x00000000a3800000, 0x00000000a3800000|100%| O|  |TAMS 0x00000000a3700000| PB 0x00000000a3700000| Untracked 
|  12|0x00000000a3800000, 0x00000000a3900000, 0x00000000a3900000|100%| O|  |TAMS 0x00000000a3800000| PB 0x00000000a3800000| Untracked 
|  13|0x00000000a3900000, 0x00000000a3a00000, 0x00000000a3a00000|100%| O|  |TAMS 0x00000000a3900000| PB 0x00000000a3900000| Untracked 
|  14|0x00000000a3a00000, 0x00000000a3b00000, 0x00000000a3b00000|100%| O|  |TAMS 0x00000000a3a00000| PB 0x00000000a3a00000| Untracked 
|  15|0x00000000a3b00000, 0x00000000a3c00000, 0x00000000a3c00000|100%| O|  |TAMS 0x00000000a3b00000| PB 0x00000000a3b00000| Untracked 
|  16|0x00000000a3c00000, 0x00000000a3d00000, 0x00000000a3d00000|100%| O|  |TAMS 0x00000000a3c00000| PB 0x00000000a3c00000| Untracked 
|  17|0x00000000a3d00000, 0x00000000a3e00000, 0x00000000a3e00000|100%| O|  |TAMS 0x00000000a3d00000| PB 0x00000000a3d00000| Untracked 
|  18|0x00000000a3e00000, 0x00000000a3f00000, 0x00000000a3f00000|100%| O|  |TAMS 0x00000000a3e00000| PB 0x00000000a3e00000| Untracked 
|  19|0x00000000a3f00000, 0x00000000a4000000, 0x00000000a4000000|100%| O|  |TAMS 0x00000000a3f00000| PB 0x00000000a3f00000| Untracked 
|  20|0x00000000a4000000, 0x00000000a4100000, 0x00000000a4100000|100%| O|  |TAMS 0x00000000a4000000| PB 0x00000000a4000000| Untracked 
|  21|0x00000000a4100000, 0x00000000a4200000, 0x00000000a4200000|100%| O|  |TAMS 0x00000000a4100000| PB 0x00000000a4100000| Untracked 
|  22|0x00000000a4200000, 0x00000000a4300000, 0x00000000a4300000|100%| O|  |TAMS 0x00000000a4200000| PB 0x00000000a4200000| Untracked 
|  23|0x00000000a4300000, 0x00000000a4400000, 0x00000000a4400000|100%| O|  |TAMS 0x00000000a4300000| PB 0x00000000a4300000| Untracked 
|  24|0x00000000a4400000, 0x00000000a4500000, 0x00000000a4500000|100%| O|  |TAMS 0x00000000a4400000| PB 0x00000000a4400000| Untracked 
|  25|0x00000000a4500000, 0x00000000a4600000, 0x00000000a4600000|100%| O|  |TAMS 0x00000000a4500000| PB 0x00000000a4500000| Untracked 
|  26|0x00000000a4600000, 0x00000000a4700000, 0x00000000a4700000|100%| O|  |TAMS 0x00000000a4600000| PB 0x00000000a4600000| Untracked 
|  27|0x00000000a4700000, 0x00000000a4800000, 0x00000000a4800000|100%| O|  |TAMS 0x00000000a4700000| PB 0x00000000a4700000| Untracked 
|  28|0x00000000a4800000, 0x00000000a4900000, 0x00000000a4900000|100%| O|  |TAMS 0x00000000a4800000| PB 0x00000000a4800000| Untracked 
|  29|0x00000000a4900000, 0x00000000a4a00000, 0x00000000a4a00000|100%| O|  |TAMS 0x00000000a4900000| PB 0x00000000a4900000| Untracked 
|  30|0x00000000a4a00000, 0x00000000a4b00000, 0x00000000a4b00000|100%| O|  |TAMS 0x00000000a4a00000| PB 0x00000000a4a00000| Untracked 
|  31|0x00000000a4b00000, 0x00000000a4c00000, 0x00000000a4c00000|100%| O|  |TAMS 0x00000000a4b00000| PB 0x00000000a4b00000| Untracked 
|  32|0x00000000a4c00000, 0x00000000a4d00000, 0x00000000a4d00000|100%| O|  |TAMS 0x00000000a4c00000| PB 0x00000000a4c00000| Untracked 
|  33|0x00000000a4d00000, 0x00000000a4e00000, 0x00000000a4e00000|100%| O|  |TAMS 0x00000000a4d00000| PB 0x00000000a4d00000| Untracked 
|  34|0x00000000a4e00000, 0x00000000a4f00000, 0x00000000a4f00000|100%| O|  |TAMS 0x00000000a4e00000| PB 0x00000000a4e00000| Untracked 
|  35|0x00000000a4f00000, 0x00000000a4f00000, 0x00000000a5000000|  0%| F|  |TAMS 0x00000000a4f00000| PB 0x00000000a4f00000| Untracked 
|  36|0x00000000a5000000, 0x00000000a5100000, 0x00000000a5100000|100%|HS|  |TAMS 0x00000000a5000000| PB 0x00000000a5000000| Complete 
|  37|0x00000000a5100000, 0x00000000a5200000, 0x00000000a5200000|100%|HC|  |TAMS 0x00000000a5100000| PB 0x00000000a5100000| Complete 
|  38|0x00000000a5200000, 0x00000000a5300000, 0x00000000a5300000|100%| O|  |TAMS 0x00000000a5200000| PB 0x00000000a5200000| Untracked 
|  39|0x00000000a5300000, 0x00000000a5400000, 0x00000000a5400000|100%| O|  |TAMS 0x00000000a5300000| PB 0x00000000a5300000| Untracked 
|  40|0x00000000a5400000, 0x00000000a5500000, 0x00000000a5500000|100%| O|  |TAMS 0x00000000a5400000| PB 0x00000000a5400000| Untracked 
|  41|0x00000000a5500000, 0x00000000a5600000, 0x00000000a5600000|100%| O|  |TAMS 0x00000000a5500000| PB 0x00000000a5500000| Untracked 
|  42|0x00000000a5600000, 0x00000000a5700000, 0x00000000a5700000|100%| O|  |TAMS 0x00000000a5600000| PB 0x00000000a5600000| Untracked 
|  43|0x00000000a5700000, 0x00000000a5700000, 0x00000000a5800000|  0%| F|  |TAMS 0x00000000a5700000| PB 0x00000000a5700000| Untracked 
|  44|0x00000000a5800000, 0x00000000a5900000, 0x00000000a5900000|100%| O|  |TAMS 0x00000000a5800000| PB 0x00000000a5800000| Untracked 
|  45|0x00000000a5900000, 0x00000000a5a00000, 0x00000000a5a00000|100%| O|  |TAMS 0x00000000a5900000| PB 0x00000000a5900000| Untracked 
|  46|0x00000000a5a00000, 0x00000000a5b00000, 0x00000000a5b00000|100%| O|  |TAMS 0x00000000a5a00000| PB 0x00000000a5a00000| Untracked 
|  47|0x00000000a5b00000, 0x00000000a5c00000, 0x00000000a5c00000|100%| O|  |TAMS 0x00000000a5b00000| PB 0x00000000a5b00000| Untracked 
|  48|0x00000000a5c00000, 0x00000000a5c00000, 0x00000000a5d00000|  0%| F|  |TAMS 0x00000000a5c00000| PB 0x00000000a5c00000| Untracked 
|  49|0x00000000a5d00000, 0x00000000a5e00000, 0x00000000a5e00000|100%| O|  |TAMS 0x00000000a5d00000| PB 0x00000000a5d00000| Untracked 
|  50|0x00000000a5e00000, 0x00000000a5f00000, 0x00000000a5f00000|100%| O|  |TAMS 0x00000000a5e00000| PB 0x00000000a5e00000| Untracked 
|  51|0x00000000a5f00000, 0x00000000a6000000, 0x00000000a6000000|100%| O|  |TAMS 0x00000000a5f00000| PB 0x00000000a5f00000| Untracked 
|  52|0x00000000a6000000, 0x00000000a6000000, 0x00000000a6100000|  0%| F|  |TAMS 0x00000000a6000000| PB 0x00000000a6000000| Untracked 
|  53|0x00000000a6100000, 0x00000000a6100000, 0x00000000a6200000|  0%| F|  |TAMS 0x00000000a6100000| PB 0x00000000a6100000| Untracked 
|  54|0x00000000a6200000, 0x00000000a6200000, 0x00000000a6300000|  0%| F|  |TAMS 0x00000000a6200000| PB 0x00000000a6200000| Untracked 
|  55|0x00000000a6300000, 0x00000000a6300000, 0x00000000a6400000|  0%| F|  |TAMS 0x00000000a6300000| PB 0x00000000a6300000| Untracked 
|  56|0x00000000a6400000, 0x00000000a6400000, 0x00000000a6500000|  0%| F|  |TAMS 0x00000000a6400000| PB 0x00000000a6400000| Untracked 
|  57|0x00000000a6500000, 0x00000000a6600000, 0x00000000a6600000|100%| S|CS|TAMS 0x00000000a6500000| PB 0x00000000a6500000| Complete 
|  58|0x00000000a6600000, 0x00000000a6700000, 0x00000000a6700000|100%| S|CS|TAMS 0x00000000a6600000| PB 0x00000000a6600000| Complete 
|  59|0x00000000a6700000, 0x00000000a6800000, 0x00000000a6800000|100%| S|CS|TAMS 0x00000000a6700000| PB 0x00000000a6700000| Complete 
|  60|0x00000000a6800000, 0x00000000a6800000, 0x00000000a6900000|  0%| F|  |TAMS 0x00000000a6800000| PB 0x00000000a6800000| Untracked 
|  61|0x00000000a6900000, 0x00000000a6900000, 0x00000000a6a00000|  0%| F|  |TAMS 0x00000000a6900000| PB 0x00000000a6900000| Untracked 
|  62|0x00000000a6a00000, 0x00000000a6a00000, 0x00000000a6b00000|  0%| F|  |TAMS 0x00000000a6a00000| PB 0x00000000a6a00000| Untracked 
|  63|0x00000000a6b00000, 0x00000000a6b00000, 0x00000000a6c00000|  0%| F|  |TAMS 0x00000000a6b00000| PB 0x00000000a6b00000| Untracked 
|  64|0x00000000a6c00000, 0x00000000a6c00000, 0x00000000a6d00000|  0%| F|  |TAMS 0x00000000a6c00000| PB 0x00000000a6c00000| Untracked 
|  65|0x00000000a6d00000, 0x00000000a6d00000, 0x00000000a6e00000|  0%| F|  |TAMS 0x00000000a6d00000| PB 0x00000000a6d00000| Untracked 
|  66|0x00000000a6e00000, 0x00000000a6e00000, 0x00000000a6f00000|  0%| F|  |TAMS 0x00000000a6e00000| PB 0x00000000a6e00000| Untracked 
|  67|0x00000000a6f00000, 0x00000000a6f00000, 0x00000000a7000000|  0%| F|  |TAMS 0x00000000a6f00000| PB 0x00000000a6f00000| Untracked 
|  68|0x00000000a7000000, 0x00000000a7000000, 0x00000000a7100000|  0%| F|  |TAMS 0x00000000a7000000| PB 0x00000000a7000000| Untracked 
|  69|0x00000000a7100000, 0x00000000a7100000, 0x00000000a7200000|  0%| F|  |TAMS 0x00000000a7100000| PB 0x00000000a7100000| Untracked 
|  70|0x00000000a7200000, 0x00000000a7200000, 0x00000000a7300000|  0%| F|  |TAMS 0x00000000a7200000| PB 0x00000000a7200000| Untracked 
|  71|0x00000000a7300000, 0x00000000a7300000, 0x00000000a7400000|  0%| F|  |TAMS 0x00000000a7300000| PB 0x00000000a7300000| Untracked 
|  72|0x00000000a7400000, 0x00000000a7400000, 0x00000000a7500000|  0%| F|  |TAMS 0x00000000a7400000| PB 0x00000000a7400000| Untracked 
|  73|0x00000000a7500000, 0x00000000a7500000, 0x00000000a7600000|  0%| F|  |TAMS 0x00000000a7500000| PB 0x00000000a7500000| Untracked 
|  74|0x00000000a7600000, 0x00000000a7600000, 0x00000000a7700000|  0%| F|  |TAMS 0x00000000a7600000| PB 0x00000000a7600000| Untracked 
|  75|0x00000000a7700000, 0x00000000a7700000, 0x00000000a7800000|  0%| F|  |TAMS 0x00000000a7700000| PB 0x00000000a7700000| Untracked 
|  76|0x00000000a7800000, 0x00000000a7800000, 0x00000000a7900000|  0%| F|  |TAMS 0x00000000a7800000| PB 0x00000000a7800000| Untracked 
|  77|0x00000000a7900000, 0x00000000a7900000, 0x00000000a7a00000|  0%| F|  |TAMS 0x00000000a7900000| PB 0x00000000a7900000| Untracked 
|  78|0x00000000a7a00000, 0x00000000a7a00000, 0x00000000a7b00000|  0%| F|  |TAMS 0x00000000a7a00000| PB 0x00000000a7a00000| Untracked 
|  79|0x00000000a7b00000, 0x00000000a7b00000, 0x00000000a7c00000|  0%| F|  |TAMS 0x00000000a7b00000| PB 0x00000000a7b00000| Untracked 
|  80|0x00000000a7c00000, 0x00000000a7c00000, 0x00000000a7d00000|  0%| F|  |TAMS 0x00000000a7c00000| PB 0x00000000a7c00000| Untracked 
|  81|0x00000000a7d00000, 0x00000000a7d00000, 0x00000000a7e00000|  0%| F|  |TAMS 0x00000000a7d00000| PB 0x00000000a7d00000| Untracked 
|  82|0x00000000a7e00000, 0x00000000a7e00000, 0x00000000a7f00000|  0%| F|  |TAMS 0x00000000a7e00000| PB 0x00000000a7e00000| Untracked 
|  83|0x00000000a7f00000, 0x00000000a7f00000, 0x00000000a8000000|  0%| F|  |TAMS 0x00000000a7f00000| PB 0x00000000a7f00000| Untracked 
|  84|0x00000000a8000000, 0x00000000a8100000, 0x00000000a8100000|100%| E|  |TAMS 0x00000000a8000000| PB 0x00000000a8000000| Complete 
|  85|0x00000000a8100000, 0x00000000a8200000, 0x00000000a8200000|100%| E|CS|TAMS 0x00000000a8100000| PB 0x00000000a8100000| Complete 
|  86|0x00000000a8200000, 0x00000000a8300000, 0x00000000a8300000|100%| E|CS|TAMS 0x00000000a8200000| PB 0x00000000a8200000| Complete 
|  87|0x00000000a8300000, 0x00000000a8400000, 0x00000000a8400000|100%| E|CS|TAMS 0x00000000a8300000| PB 0x00000000a8300000| Complete 
|  88|0x00000000a8400000, 0x00000000a8500000, 0x00000000a8500000|100%| E|CS|TAMS 0x00000000a8400000| PB 0x00000000a8400000| Complete 
|  89|0x00000000a8500000, 0x00000000a8600000, 0x00000000a8600000|100%| E|CS|TAMS 0x00000000a8500000| PB 0x00000000a8500000| Complete 
|  90|0x00000000a8600000, 0x00000000a8700000, 0x00000000a8700000|100%| E|CS|TAMS 0x00000000a8600000| PB 0x00000000a8600000| Complete 
|  91|0x00000000a8700000, 0x00000000a8800000, 0x00000000a8800000|100%| E|CS|TAMS 0x00000000a8700000| PB 0x00000000a8700000| Complete 
|  92|0x00000000a8800000, 0x00000000a8900000, 0x00000000a8900000|100%| E|CS|TAMS 0x00000000a8800000| PB 0x00000000a8800000| Complete 
|  93|0x00000000a8900000, 0x00000000a8a00000, 0x00000000a8a00000|100%| E|CS|TAMS 0x00000000a8900000| PB 0x00000000a8900000| Complete 
|  94|0x00000000a8a00000, 0x00000000a8b00000, 0x00000000a8b00000|100%| E|CS|TAMS 0x00000000a8a00000| PB 0x00000000a8a00000| Complete 
|1488|0x00000000ffc00000, 0x00000000ffd00000, 0x00000000ffd00000|100%| O|  |TAMS 0x00000000ffc00000| PB 0x00000000ffc00000| Untracked 
|1489|0x00000000ffd00000, 0x00000000ffe00000, 0x00000000ffe00000|100%| E|CS|TAMS 0x00000000ffd00000| PB 0x00000000ffd00000| Complete 
|1490|0x00000000ffe00000, 0x00000000fff00000, 0x00000000fff00000|100%| E|CS|TAMS 0x00000000ffe00000| PB 0x00000000ffe00000| Complete 
|1491|0x00000000fff00000, 0x0000000100000000, 0x0000000100000000|100%| O|  |TAMS 0x00000000fff00000| PB 0x00000000fff00000| Untracked 

Card table byte_map: [0x00000206be940000,0x00000206bec30000] _byte_map_base: 0x00000206be42a000

Marking Bits: (CMBitMap*) 0x00000206ac1fffc0
 Bits: [0x00000206bec30000, 0x00000206c0380000)

Polling page: 0x00000206aa050000

Metaspace:

Usage:
  Non-class:     42.17 MB used.
      Class:      5.82 MB used.
       Both:     47.98 MB used.

Virtual space:
  Non-class space:       64.00 MB reserved,      42.50 MB ( 66%) committed,  1 nodes.
      Class space:        1.00 GB reserved,       6.19 MB ( <1%) committed,  1 nodes.
             Both:        1.06 GB reserved,      48.69 MB (  4%) committed. 

Chunk freelists:
   Non-Class:  4.64 MB
       Class:  9.66 MB
        Both:  14.30 MB

MaxMetaspaceSize: unlimited
CompressedClassSpaceSize: 1.00 GB
Initial GC threshold: 21.00 MB
Current GC threshold: 78.44 MB
CDS: off
 - commit_granule_bytes: 65536.
 - commit_granule_words: 8192.
 - virtual_space_node_default_size: 8388608.
 - enlarge_chunks_in_place: 1.
 - use_allocation_guard: 0.


Internal statistics:

num_allocs_failed_limit: 3.
num_arena_births: 1180.
num_arena_deaths: 0.
num_vsnodes_births: 2.
num_vsnodes_deaths: 0.
num_space_committed: 777.
num_space_uncommitted: 0.
num_chunks_returned_to_freelist: 3.
num_chunks_taken_from_freelist: 2805.
num_chunk_merges: 3.
num_chunk_splits: 2062.
num_chunks_enlarged: 1461.
num_inconsistent_stats: 0.

CodeHeap 'non-profiled nmethods': size=120000Kb used=2702Kb max_used=2702Kb free=117297Kb
 bounds [0x00000206b6df0000, 0x00000206b70a0000, 0x00000206be320000]
CodeHeap 'profiled nmethods': size=120000Kb used=9101Kb max_used=9101Kb free=110898Kb
 bounds [0x00000206af320000, 0x00000206afc10000, 0x00000206b6850000]
CodeHeap 'non-nmethods': size=5760Kb used=1439Kb max_used=1512Kb free=4320Kb
 bounds [0x00000206b6850000, 0x00000206b6ac0000, 0x00000206b6df0000]
CodeCache: size=245760Kb, used=13242Kb, max_used=13315Kb, free=232515Kb
 total_blobs=5015, nmethods=4406, adapters=513, full_count=0
Compilation: enabled, stopped_count=0, restarted_count=0

Compilation events (20 events):
Event: 13.325 Thread 0x00000206c7068580 5090       3       org.jetbrains.kotlin.load.kotlin.header.KotlinClassHeader::has (12 bytes)
Event: 13.325 Thread 0x00000206c7068580 nmethod 5090 0x00000206afbfa790 code [0x00000206afbfa920, 0x00000206afbfaa80]
Event: 13.325 Thread 0x00000206c7068580 5087       3       org.jetbrains.kotlin.metadata.jvm.deserialization.BitEncoding::decodeBytes (79 bytes)
Event: 13.326 Thread 0x00000206c7068580 nmethod 5087 0x00000206afbfab10 code [0x00000206afbfada0, 0x00000206afbfb6d0]
Event: 13.326 Thread 0x00000206c7068580 5088       3       org.jetbrains.kotlin.metadata.jvm.deserialization.BitEncoding::dropMarker (38 bytes)
Event: 13.327 Thread 0x00000206c7068580 nmethod 5088 0x00000206afbfba90 code [0x00000206afbfbca0, 0x00000206afbfc368]
Event: 13.327 Thread 0x00000206c7068580 5092       3       kotlin.text.StringsKt__StringsKt::substringAfterLast (67 bytes)
Event: 13.329 Thread 0x00000206c7068580 nmethod 5092 0x00000206afbfc610 code [0x00000206afbfc9a0, 0x00000206afbfdbb8]
Event: 13.329 Thread 0x00000206c7068580 5093       3       kotlin.text.StringsKt__StringsKt::lastIndexOf$default (29 bytes)
Event: 13.330 Thread 0x00000206c7068580 nmethod 5093 0x00000206afbfe310 code [0x00000206afbfe560, 0x00000206afbfecf8]
Event: 13.330 Thread 0x00000206c7068580 5094       3       org.jetbrains.kotlin.resolve.jvm.JvmClassName::getInternalName (14 bytes)
Event: 13.330 Thread 0x00000206c7068580 nmethod 5094 0x00000206afbff010 code [0x00000206afbff1c0, 0x00000206afbff340]
Event: 13.330 Thread 0x00000206c7068580 5095       3       org.jetbrains.kotlin.load.kotlin.JvmPackagePartSource::getPresentableString (34 bytes)
Event: 13.331 Thread 0x00000206c7068580 nmethod 5095 0x00000206afbff410 code [0x00000206afbff740, 0x00000206afc004a8]
Event: 13.331 Thread 0x00000206c7068580 5096       3       org.jetbrains.kotlin.load.kotlin.JvmPackagePartSource::getClassId (19 bytes)
Event: 13.332 Thread 0x00000206c7068580 nmethod 5096 0x00000206afc00a10 code [0x00000206afc00c60, 0x00000206afc01310]
Event: 13.332 Thread 0x00000206c7068580 5097       3       kotlin.text.StringsKt__StringsKt::substringAfterLast$default (15 bytes)
Event: 13.332 Thread 0x00000206c7068580 nmethod 5097 0x00000206afc01590 code [0x00000206afc01740, 0x00000206afc01888]
Event: 13.333 Thread 0x00000206c7068580 5099       3       java.util.ArrayList::ensureCapacity (42 bytes)
Event: 13.334 Thread 0x00000206c7068580 nmethod 5099 0x00000206afc01990 code [0x00000206afc01b40, 0x00000206afc01d28]

GC Heap History (20 events):
Event: 9.203 GC heap before
{Heap before GC invocations=13 (full 0):
 garbage-first heap   total 52224K, used 41438K [0x00000000a2c00000, 0x0000000100000000)
  region size 1024K, 15 young (15360K), 2 survivors (2048K)
 Metaspace       used 38060K, committed 38336K, reserved 1114112K
  class space    used 4631K, committed 4736K, reserved 1048576K
}
Event: 9.212 GC heap after
{Heap after GC invocations=14 (full 0):
 garbage-first heap   total 52224K, used 30837K [0x00000000a2c00000, 0x0000000100000000)
  region size 1024K, 2 young (2048K), 2 survivors (2048K)
 Metaspace       used 38060K, committed 38336K, reserved 1114112K
  class space    used 4631K, committed 4736K, reserved 1048576K
}
Event: 10.036 GC heap before
{Heap before GC invocations=14 (full 0):
 garbage-first heap   total 52224K, used 43125K [0x00000000a2c00000, 0x0000000100000000)
  region size 1024K, 14 young (14336K), 2 survivors (2048K)
 Metaspace       used 39908K, committed 40384K, reserved 1114112K
  class space    used 4910K, committed 5120K, reserved 1048576K
}
Event: 10.041 GC heap after
{Heap after GC invocations=15 (full 0):
 garbage-first heap   total 52224K, used 31311K [0x00000000a2c00000, 0x0000000100000000)
  region size 1024K, 1 young (1024K), 1 survivors (1024K)
 Metaspace       used 39908K, committed 40384K, reserved 1114112K
  class space    used 4910K, committed 5120K, reserved 1048576K
}
Event: 10.673 GC heap before
{Heap before GC invocations=16 (full 0):
 garbage-first heap   total 53248K, used 44623K [0x00000000a2c00000, 0x0000000100000000)
  region size 1024K, 14 young (14336K), 1 survivors (1024K)
 Metaspace       used 42627K, committed 43264K, reserved 1114112K
  class space    used 5249K, committed 5568K, reserved 1048576K
}
Event: 10.679 GC heap after
{Heap after GC invocations=17 (full 0):
 garbage-first heap   total 53248K, used 33018K [0x00000000a2c00000, 0x0000000100000000)
  region size 1024K, 2 young (2048K), 2 survivors (2048K)
 Metaspace       used 42627K, committed 43264K, reserved 1114112K
  class space    used 5249K, committed 5568K, reserved 1048576K
}
Event: 11.008 GC heap before
{Heap before GC invocations=17 (full 0):
 garbage-first heap   total 53248K, used 46330K [0x00000000a2c00000, 0x0000000100000000)
  region size 1024K, 15 young (15360K), 2 survivors (2048K)
 Metaspace       used 42869K, committed 43520K, reserved 1114112K
  class space    used 5252K, committed 5568K, reserved 1048576K
}
Event: 11.021 GC heap after
{Heap after GC invocations=18 (full 0):
 garbage-first heap   total 54272K, used 37318K [0x00000000a2c00000, 0x0000000100000000)
  region size 1024K, 2 young (2048K), 2 survivors (2048K)
 Metaspace       used 42869K, committed 43520K, reserved 1114112K
  class space    used 5252K, committed 5568K, reserved 1048576K
}
Event: 11.135 GC heap before
{Heap before GC invocations=18 (full 0):
 garbage-first heap   total 54272K, used 46534K [0x00000000a2c00000, 0x0000000100000000)
  region size 1024K, 11 young (11264K), 2 survivors (2048K)
 Metaspace       used 42880K, committed 43520K, reserved 1114112K
  class space    used 5252K, committed 5568K, reserved 1048576K
}
Event: 11.144 GC heap after
{Heap after GC invocations=19 (full 0):
 garbage-first heap   total 65536K, used 40697K [0x00000000a2c00000, 0x0000000100000000)
  region size 1024K, 2 young (2048K), 2 survivors (2048K)
 Metaspace       used 42880K, committed 43520K, reserved 1114112K
  class space    used 5252K, committed 5568K, reserved 1048576K
}
Event: 11.595 GC heap before
{Heap before GC invocations=20 (full 0):
 garbage-first heap   total 68608K, used 55033K [0x00000000a2c00000, 0x0000000100000000)
  region size 1024K, 15 young (15360K), 2 survivors (2048K)
 Metaspace       used 44691K, committed 45376K, reserved 1114112K
  class space    used 5479K, committed 5760K, reserved 1048576K
}
Event: 11.603 GC heap after
{Heap after GC invocations=21 (full 0):
 garbage-first heap   total 68608K, used 46021K [0x00000000a2c00000, 0x0000000100000000)
  region size 1024K, 2 young (2048K), 2 survivors (2048K)
 Metaspace       used 44691K, committed 45376K, reserved 1114112K
  class space    used 5479K, committed 5760K, reserved 1048576K
}
Event: 12.000 GC heap before
{Heap before GC invocations=21 (full 0):
 garbage-first heap   total 68608K, used 58309K [0x00000000a2c00000, 0x0000000100000000)
  region size 1024K, 14 young (14336K), 2 survivors (2048K)
 Metaspace       used 46459K, committed 47168K, reserved 1114112K
  class space    used 5688K, committed 6016K, reserved 1048576K
}
Event: 12.010 GC heap after
{Heap after GC invocations=22 (full 0):
 garbage-first heap   total 68608K, used 47897K [0x00000000a2c00000, 0x0000000100000000)
  region size 1024K, 2 young (2048K), 2 survivors (2048K)
 Metaspace       used 46459K, committed 47168K, reserved 1114112K
  class space    used 5688K, committed 6016K, reserved 1048576K
}
Event: 12.313 GC heap before
{Heap before GC invocations=22 (full 0):
 garbage-first heap   total 68608K, used 59161K [0x00000000a2c00000, 0x0000000100000000)
  region size 1024K, 13 young (13312K), 2 survivors (2048K)
 Metaspace       used 47428K, committed 48064K, reserved 1114112K
  class space    used 5796K, committed 6080K, reserved 1048576K
}
Event: 12.337 GC heap after
{Heap after GC invocations=23 (full 0):
 garbage-first heap   total 68608K, used 50151K [0x00000000a2c00000, 0x0000000100000000)
  region size 1024K, 2 young (2048K), 2 survivors (2048K)
 Metaspace       used 47428K, committed 48064K, reserved 1114112K
  class space    used 5796K, committed 6080K, reserved 1048576K
}
Event: 12.709 GC heap before
{Heap before GC invocations=24 (full 0):
 garbage-first heap   total 83968K, used 59367K [0x00000000a2c00000, 0x0000000100000000)
  region size 1024K, 12 young (12288K), 2 survivors (2048K)
 Metaspace       used 48907K, committed 49664K, reserved 1114112K
  class space    used 5946K, committed 6336K, reserved 1048576K
}
Event: 12.717 GC heap after
{Heap after GC invocations=25 (full 0):
 garbage-first heap   total 83968K, used 51931K [0x00000000a2c00000, 0x0000000100000000)
  region size 1024K, 2 young (2048K), 2 survivors (2048K)
 Metaspace       used 48907K, committed 49664K, reserved 1114112K
  class space    used 5946K, committed 6336K, reserved 1048576K
}
Event: 13.246 GC heap before
{Heap before GC invocations=25 (full 0):
 garbage-first heap   total 83968K, used 71387K [0x00000000a2c00000, 0x0000000100000000)
  region size 1024K, 20 young (20480K), 2 survivors (2048K)
 Metaspace       used 49111K, committed 49856K, reserved 1114112K
  class space    used 5955K, committed 6336K, reserved 1048576K
}
Event: 13.257 GC heap after
{Heap after GC invocations=26 (full 0):
 garbage-first heap   total 101376K, used 55271K [0x00000000a2c00000, 0x0000000100000000)
  region size 1024K, 3 young (3072K), 3 survivors (3072K)
 Metaspace       used 49111K, committed 49856K, reserved 1114112K
  class space    used 5955K, committed 6336K, reserved 1048576K
}

Dll operation events (3 events):
Event: 0.019 Loaded shared library C:\Program Files\Android\Android Studio\jbr\bin\java.dll
Event: 0.029 Loaded shared library C:\Program Files\Android\Android Studio\jbr\bin\zip.dll
Event: 3.063 Loaded shared library C:\Program Files\Android\Android Studio\jbr\bin\verify.dll

Deoptimization events (20 events):
Event: 13.092 Thread 0x00000206ac1bf920 DEOPT PACKING pc=0x00000206afae88ce sp=0x000000bb647fc910
Event: 13.092 Thread 0x00000206ac1bf920 DEOPT UNPACKING pc=0x00000206b68a4b42 sp=0x000000bb647fbe58 mode 0
Event: 13.194 Thread 0x00000206ac1bf920 DEOPT PACKING pc=0x00000206afac56bd sp=0x000000bb647fbcb0
Event: 13.194 Thread 0x00000206ac1bf920 DEOPT UNPACKING pc=0x00000206b68a4b42 sp=0x000000bb647fb140 mode 0
Event: 13.227 Thread 0x00000206ac1bf920 Uncommon trap: trap_request=0xffffff45 fr.pc=0x00000206b708f548 relative=0x0000000000000ac8
Event: 13.227 Thread 0x00000206ac1bf920 Uncommon trap: reason=unstable_if action=reinterpret pc=0x00000206b708f548 method=org.jetbrains.org.objectweb.asm.ClassReader.<init>([BIZ)V @ 28 c2
Event: 13.228 Thread 0x00000206ac1bf920 DEOPT PACKING pc=0x00000206b708f548 sp=0x000000bb647fbcc0
Event: 13.228 Thread 0x00000206ac1bf920 DEOPT UNPACKING pc=0x00000206b68a43a2 sp=0x000000bb647fbc40 mode 2
Event: 13.231 Thread 0x00000206ac1bf920 DEOPT PACKING pc=0x00000206afaeaa48 sp=0x000000bb647fc440
Event: 13.231 Thread 0x00000206ac1bf920 DEOPT UNPACKING pc=0x00000206b68a4b42 sp=0x000000bb647fb918 mode 0
Event: 13.236 Thread 0x00000206ac1bf920 DEOPT PACKING pc=0x00000206afaeaa48 sp=0x000000bb647fc440
Event: 13.236 Thread 0x00000206ac1bf920 DEOPT UNPACKING pc=0x00000206b68a4b42 sp=0x000000bb647fb918 mode 0
Event: 13.307 Thread 0x00000206ac1bf920 DEOPT PACKING pc=0x00000206afaeaa48 sp=0x000000bb647fc440
Event: 13.307 Thread 0x00000206ac1bf920 DEOPT UNPACKING pc=0x00000206b68a4b42 sp=0x000000bb647fb918 mode 0
Event: 13.321 Thread 0x00000206ac1bf920 DEOPT PACKING pc=0x00000206afaeaa48 sp=0x000000bb647fc440
Event: 13.321 Thread 0x00000206ac1bf920 DEOPT UNPACKING pc=0x00000206b68a4b42 sp=0x000000bb647fb918 mode 0
Event: 13.331 Thread 0x00000206ac1bf920 DEOPT PACKING pc=0x00000206afaeaa48 sp=0x000000bb647fc400
Event: 13.331 Thread 0x00000206ac1bf920 DEOPT UNPACKING pc=0x00000206b68a4b42 sp=0x000000bb647fb8d0 mode 0
Event: 13.335 Thread 0x00000206ac1bf920 DEOPT PACKING pc=0x00000206afaeaa48 sp=0x000000bb647fc400
Event: 13.335 Thread 0x00000206ac1bf920 DEOPT UNPACKING pc=0x00000206b68a4b42 sp=0x000000bb647fb8d0 mode 0

Classes loaded (20 events):
Event: 11.349 Loading class java/util/AbstractList$ListItr
Event: 11.349 Loading class java/util/AbstractList$ListItr done
Event: 11.496 Loading class java/security/AccessControlException
Event: 11.496 Loading class java/security/AccessControlException done
Event: 11.530 Loading class java/text/StringCharacterIterator
Event: 11.531 Loading class java/text/CharacterIterator
Event: 11.531 Loading class java/text/CharacterIterator done
Event: 11.531 Loading class java/text/StringCharacterIterator done
Event: 11.677 Loading class java/lang/annotation/ElementType
Event: 11.677 Loading class java/lang/annotation/ElementType done
Event: 11.677 Loading class java/lang/Override
Event: 11.678 Loading class java/lang/Override done
Event: 11.752 Loading class java/util/ArrayList$SubList$1
Event: 11.752 Loading class java/util/ArrayList$SubList$1 done
Event: 11.969 Loading class java/util/ArrayList$ListItr
Event: 11.969 Loading class java/util/ArrayList$ListItr done
Event: 12.241 Loading class java/io/InvalidObjectException
Event: 12.242 Loading class java/io/InvalidObjectException done
Event: 12.603 Loading class java/util/Collections$SingletonMap
Event: 12.604 Loading class java/util/Collections$SingletonMap done

Classes unloaded (0 events):
No events

Classes redefined (0 events):
No events

Internal exceptions (20 events):
Event: 10.106 Thread 0x00000206ac1bf920 Exception <a 'java/lang/NoSuchMethodError'{0x00000000ffd86f80}: 'java.lang.Object java.lang.invoke.DirectMethodHandle$Holder.newInvokeSpecial(java.lang.Object, java.lang.Object, java.lang.Object, java.lang.Object, java.lang.Object, java.lang.Object, java.lang.Object, java.lang.Object, java.lang.Object, java.lang.Object, java.lang.Object, java.lang.Object, java.lang.Object, java.lang.Object, java.lang.Object, java.lang.Object, java.lang.Object, java.lang.Object)'> (0x00000000ffd86f80) 
thrown [s\src\hotspot
Event: 10.107 Thread 0x00000206ac1bf920 Exception <a 'java/lang/NoSuchMethodError'{0x00000000ffd8cbb0}: 'java.lang.Object java.lang.invoke.DirectMethodHandle$Holder.invokeSpecial(java.lang.Object, java.lang.Object, java.lang.Object, java.lang.Object, java.lang.Object, java.lang.Object, java.lang.Object, java.lang.Object, java.lang.Object, java.lang.Object, java.lang.Object, java.lang.Object, java.lang.Object, java.lang.Object, java.lang.Object, java.lang.Object, java.lang.Object, java.lang.Object, java.lang.Object)'> (0x00000000ffd8cbb0) 
thrown
Event: 10.108 Thread 0x00000206ac1bf920 Exception <a 'java/lang/NoSuchMethodError'{0x00000000ffd91828}: 'java.lang.Object java.lang.invoke.DelegatingMethodHandle$Holder.reinvoke_L(java.lang.Object, java.lang.Object, java.lang.Object, java.lang.Object, java.lang.Object, java.lang.Object, java.lang.Object, java.lang.Object, java.lang.Object, java.lang.Object, java.lang.Object, java.lang.Object, java.lang.Object, java.lang.Object, java.lang.Object, java.lang.Object, java.lang.Object, java.lang.Object)'> (0x00000000ffd91828) 
thrown [s\src\hotspot\s
Event: 10.147 Thread 0x00000206ac1bf920 Exception <a 'java/lang/NoSuchMethodError'{0x00000000a8919d28}: 'java.lang.Object java.lang.invoke.DirectMethodHandle$Holder.newInvokeSpecial(java.lang.Object, java.lang.Object, java.lang.Object, java.lang.Object, java.lang.Object, java.lang.Object, java.lang.Object, java.lang.Object, java.lang.Object, java.lang.Object, java.lang.Object, java.lang.Object, java.lang.Object, java.lang.Object, java.lang.Object, java.lang.Object, java.lang.Object, java.lang.Object, java.lang.Object, java.lang.Object, java.lang
Event: 10.148 Thread 0x00000206ac1bf920 Exception <a 'java/lang/NoSuchMethodError'{0x00000000a8920d68}: 'java.lang.Object java.lang.invoke.DirectMethodHandle$Holder.invokeSpecial(java.lang.Object, java.lang.Object, java.lang.Object, java.lang.Object, java.lang.Object, java.lang.Object, java.lang.Object, java.lang.Object, java.lang.Object, java.lang.Object, java.lang.Object, java.lang.Object, java.lang.Object, java.lang.Object, java.lang.Object, java.lang.Object, java.lang.Object, java.lang.Object, java.lang.Object, java.lang.Object, java.lang.Ob
Event: 10.149 Thread 0x00000206ac1bf920 Exception <a 'java/lang/NoSuchMethodError'{0x00000000a89264e0}: 'java.lang.Object java.lang.invoke.DelegatingMethodHandle$Holder.reinvoke_L(java.lang.Object, java.lang.Object, java.lang.Object, java.lang.Object, java.lang.Object, java.lang.Object, java.lang.Object, java.lang.Object, java.lang.Object, java.lang.Object, java.lang.Object, java.lang.Object, java.lang.Object, java.lang.Object, java.lang.Object, java.lang.Object, java.lang.Object, java.lang.Object, java.lang.Object, java.lang.Object, java.lang.O
Event: 10.169 Thread 0x00000206ac1bf920 Exception <a 'java/lang/NoSuchMethodError'{0x00000000a89f4a60}: 'java.lang.Object java.lang.invoke.DirectMethodHandle$Holder.invokeStatic(java.lang.Object, java.lang.Object, java.lang.Object, java.lang.Object, java.lang.Object, java.lang.Object, java.lang.Object, java.lang.Object, java.lang.Object, java.lang.Object, java.lang.Object, java.lang.Object, java.lang.Object, java.lang.Object, java.lang.Object, java.lang.Object, java.lang.Object, java.lang.Object, java.lang.Object, java.lang.Object, java.lang.Obj
Event: 10.172 Thread 0x00000206ac1bf920 Exception <a 'java/lang/NoSuchMethodError'{0x00000000a7727520}: 'java.lang.Object java.lang.invoke.DirectMethodHandle$Holder.invokeStatic(java.lang.Object, java.lang.Object, java.lang.Object, java.lang.Object, java.lang.Object, java.lang.Object, java.lang.Object, java.lang.Object, java.lang.Object, java.lang.Object, java.lang.Object, java.lang.Object, java.lang.Object, java.lang.Object, java.lang.Object, java.lang.Object, java.lang.Object, java.lang.Object, java.lang.Object, java.lang.Object, java.lang.Obj
Event: 10.197 Thread 0x00000206ac1bf920 Exception <a 'java/lang/NoSuchMethodError'{0x00000000a77a0ce8}: 'java.lang.Object java.lang.invoke.DirectMethodHandle$Holder.newInvokeSpecial(java.lang.Object, java.lang.Object, java.lang.Object, java.lang.Object, java.lang.Object, java.lang.Object, java.lang.Object, java.lang.Object, java.lang.Object, java.lang.Object, java.lang.Object, java.lang.Object, java.lang.Object)'> (0x00000000a77a0ce8) 
thrown [s\src\hotspot\share\interpreter\linkResolver.cpp, line 784]
Event: 10.198 Thread 0x00000206ac1bf920 Exception <a 'java/lang/NoSuchMethodError'{0x00000000a77a5cf8}: 'java.lang.Object java.lang.invoke.DirectMethodHandle$Holder.invokeSpecial(java.lang.Object, java.lang.Object, java.lang.Object, java.lang.Object, java.lang.Object, java.lang.Object, java.lang.Object, java.lang.Object, java.lang.Object, java.lang.Object, java.lang.Object, java.lang.Object, java.lang.Object, java.lang.Object)'> (0x00000000a77a5cf8) 
thrown [s\src\hotspot\share\interpreter\linkResolver.cpp, line 784]
Event: 10.199 Thread 0x00000206ac1bf920 Exception <a 'java/lang/NoSuchMethodError'{0x00000000a77aa248}: 'java.lang.Object java.lang.invoke.DelegatingMethodHandle$Holder.reinvoke_L(java.lang.Object, java.lang.Object, java.lang.Object, java.lang.Object, java.lang.Object, java.lang.Object, java.lang.Object, java.lang.Object, java.lang.Object, java.lang.Object, java.lang.Object, java.lang.Object, java.lang.Object)'> (0x00000000a77aa248) 
thrown [s\src\hotspot\share\interpreter\linkResolver.cpp, line 784]
Event: 10.467 Thread 0x00000206ac1bf920 Exception <a 'java/lang/NoSuchMethodError'{0x00000000a545fef0}: 'java.lang.Object java.lang.invoke.DirectMethodHandle$Holder.newInvokeSpecial(java.lang.Object, java.lang.Object, int)'> (0x00000000a545fef0) 
thrown [s\src\hotspot\share\interpreter\linkResolver.cpp, line 784]
Event: 10.500 Thread 0x00000206ac1bf920 Exception <a 'java/lang/NoSuchMethodError'{0x00000000a54ac338}: 'java.lang.Object java.lang.invoke.Invokers$Holder.invokeExact_MT(java.lang.Object, java.lang.Object, long, java.lang.Object)'> (0x00000000a54ac338) 
thrown [s\src\hotspot\share\interpreter\linkResolver.cpp, line 784]
Event: 10.594 Thread 0x00000206ac1bf920 Implicit null exception at 0x00000206b6f7303f to 0x00000206b6f73c04
Event: 10.783 Thread 0x00000206ac1bf920 Implicit null exception at 0x00000206b6f94ebe to 0x00000206b6f97e3c
Event: 10.783 Thread 0x00000206ac1bf920 Implicit null exception at 0x00000206b6f643e3 to 0x00000206b6f64475
Event: 11.240 Thread 0x00000206ac1bf920 Implicit null exception at 0x00000206b6f6cc1e to 0x00000206b6f6cd94
Event: 11.993 Thread 0x00000206ac1bf920 Exception <a 'java/lang/NoSuchMethodError'{0x00000000a60d78f8}: 'java.lang.Object java.lang.invoke.DirectMethodHandle$Holder.newInvokeSpecial(java.lang.Object, java.lang.Object, java.lang.Object, int)'> (0x00000000a60d78f8) 
thrown [s\src\hotspot\share\interpreter\linkResolver.cpp, line 784]
Event: 11.994 Thread 0x00000206ac1bf920 Exception <a 'java/lang/NoSuchMethodError'{0x00000000a60dba38}: 'java.lang.Object java.lang.invoke.DirectMethodHandle$Holder.invokeSpecial(java.lang.Object, java.lang.Object, java.lang.Object, java.lang.Object, int)'> (0x00000000a60dba38) 
thrown [s\src\hotspot\share\interpreter\linkResolver.cpp, line 784]
Event: 11.994 Thread 0x00000206ac1bf920 Exception <a 'java/lang/NoSuchMethodError'{0x00000000a60df180}: 'java.lang.Object java.lang.invoke.Invokers$Holder.linkToTargetMethod(java.lang.Object, java.lang.Object, int, java.lang.Object)'> (0x00000000a60df180) 
thrown [s\src\hotspot\share\interpreter\linkResolver.cpp, line 784]

ZGC Phase Switch (0 events):
No events

VM Operations (20 events):
Event: 11.987 Executing VM operation: HandshakeAllThreads (Deoptimize)
Event: 11.987 Executing VM operation: HandshakeAllThreads (Deoptimize) done
Event: 12.000 Executing VM operation: G1CollectForAllocation (G1 Evacuation Pause)
Event: 12.010 Executing VM operation: G1CollectForAllocation (G1 Evacuation Pause) done
Event: 12.302 Executing VM operation: ICBufferFull
Event: 12.302 Executing VM operation: ICBufferFull done
Event: 12.313 Executing VM operation: G1CollectForAllocation (G1 Evacuation Pause)
Event: 12.337 Executing VM operation: G1CollectForAllocation (G1 Evacuation Pause) done
Event: 12.378 Executing VM operation: G1PauseRemark
Event: 12.386 Executing VM operation: G1PauseRemark done
Event: 12.400 Executing VM operation: G1PauseCleanup
Event: 12.400 Executing VM operation: G1PauseCleanup done
Event: 12.459 Executing VM operation: HandshakeAllThreads (Deoptimize)
Event: 12.459 Executing VM operation: HandshakeAllThreads (Deoptimize) done
Event: 12.465 Executing VM operation: HandshakeAllThreads (Deoptimize)
Event: 12.465 Executing VM operation: HandshakeAllThreads (Deoptimize) done
Event: 12.709 Executing VM operation: G1CollectForAllocation (G1 Evacuation Pause)
Event: 12.717 Executing VM operation: G1CollectForAllocation (G1 Evacuation Pause) done
Event: 13.245 Executing VM operation: G1CollectForAllocation (G1 Evacuation Pause)
Event: 13.257 Executing VM operation: G1CollectForAllocation (G1 Evacuation Pause) done

Memory protections (0 events):
No events

Nmethod flushes (20 events):
Event: 12.385 Thread 0x00000206c2ddd110 flushing  nmethod 0x00000206af8aed90
Event: 12.385 Thread 0x00000206c2ddd110 flushing  nmethod 0x00000206af8afb90
Event: 12.385 Thread 0x00000206c2ddd110 flushing  nmethod 0x00000206af8b3210
Event: 12.385 Thread 0x00000206c2ddd110 flushing  nmethod 0x00000206af8f8490
Event: 12.385 Thread 0x00000206c2ddd110 flushing  nmethod 0x00000206af8f9510
Event: 12.385 Thread 0x00000206c2ddd110 flushing  nmethod 0x00000206af8f9d10
Event: 12.385 Thread 0x00000206c2ddd110 flushing  nmethod 0x00000206af8fac90
Event: 12.385 Thread 0x00000206c2ddd110 flushing  nmethod 0x00000206af8ff590
Event: 12.385 Thread 0x00000206c2ddd110 flushing  nmethod 0x00000206af902910
Event: 12.385 Thread 0x00000206c2ddd110 flushing  nmethod 0x00000206af910210
Event: 12.385 Thread 0x00000206c2ddd110 flushing  nmethod 0x00000206af911410
Event: 12.385 Thread 0x00000206c2ddd110 flushing  nmethod 0x00000206af938890
Event: 12.385 Thread 0x00000206c2ddd110 flushing  nmethod 0x00000206af939890
Event: 12.385 Thread 0x00000206c2ddd110 flushing  nmethod 0x00000206af93a210
Event: 12.385 Thread 0x00000206c2ddd110 flushing  nmethod 0x00000206af93ab90
Event: 12.385 Thread 0x00000206c2ddd110 flushing  nmethod 0x00000206af944f90
Event: 12.385 Thread 0x00000206c2ddd110 flushing  nmethod 0x00000206af960a90
Event: 12.385 Thread 0x00000206c2ddd110 flushing osr nmethod 0x00000206af961f90
Event: 12.385 Thread 0x00000206c2ddd110 flushing  nmethod 0x00000206af963a10
Event: 12.385 Thread 0x00000206c2ddd110 flushing  nmethod 0x00000206af9b5c90

Events (20 events):
Event: 0.125 Thread 0x00000206ac1bf920 Thread added: 0x00000206c702a550
Event: 0.135 Thread 0x00000206ac1bf920 Thread added: 0x00000206c7042400
Event: 0.136 Thread 0x00000206ac1bf920 Thread added: 0x00000206c70439d0
Event: 0.137 Thread 0x00000206ac1bf920 Thread added: 0x00000206c7055c60
Event: 0.137 Thread 0x00000206ac1bf920 Thread added: 0x00000206c70566c0
Event: 0.137 Thread 0x00000206ac1bf920 Thread added: 0x00000206c7057c90
Event: 0.137 Thread 0x00000206ac1bf920 Thread added: 0x00000206c7061270
Event: 0.138 Thread 0x00000206ac1bf920 Thread added: 0x00000206c7062ca0
Event: 0.138 Thread 0x00000206ac1bf920 Thread added: 0x00000206c7068580
Event: 0.272 Thread 0x00000206ac1bf920 Thread added: 0x00000206c7208840
Event: 0.303 Loaded shared library C:\Program Files\Android\Android Studio\jbr\bin\net.dll
Event: 0.307 Loaded shared library C:\Program Files\Android\Android Studio\jbr\bin\nio.dll
Event: 0.392 Loaded shared library C:\Program Files\Android\Android Studio\jbr\bin\zip.dll
Event: 0.502 Loaded shared library C:\Program Files\Android\Android Studio\jbr\bin\jimage.dll
Event: 8.644 Thread 0x00000206c7068580 Thread added: 0x00000206ca02aaf0
Event: 9.383 Thread 0x00000206ca02aaf0 Thread exited: 0x00000206ca02aaf0
Event: 9.582 Thread 0x00000206c7068580 Thread added: 0x00000206ca5d6300
Event: 10.561 Thread 0x00000206c7068580 Thread added: 0x00000206c9bea5c0
Event: 11.607 Thread 0x00000206c9bea5c0 Thread exited: 0x00000206c9bea5c0
Event: 12.354 Thread 0x00000206c7068580 Thread added: 0x00000206c9cbd1c0


Dynamic libraries:
0x00007ff77ba70000 - 0x00007ff77ba7a000 	C:\Program Files\Android\Android Studio\jbr\bin\java.exe
0x00007ffd7cf20000 - 0x00007ffd7d187000 	C:\WINDOWS\SYSTEM32\ntdll.dll
0x00007ffd7ad70000 - 0x00007ffd7ae39000 	C:\WINDOWS\System32\KERNEL32.DLL
0x00007ffd79930000 - 0x00007ffd79d21000 	C:\WINDOWS\System32\KERNELBASE.dll
0x00007ffd79ff0000 - 0x00007ffd7a13b000 	C:\WINDOWS\System32\ucrtbase.dll
0x00007ffd6bff0000 - 0x00007ffd6c00b000 	C:\Program Files\Android\Android Studio\jbr\bin\VCRUNTIME140.dll
0x00007ffd6c010000 - 0x00007ffd6c028000 	C:\Program Files\Android\Android Studio\jbr\bin\jli.dll
0x00007ffd7beb0000 - 0x00007ffd7c075000 	C:\WINDOWS\System32\USER32.dll
0x00007ffd651d0000 - 0x00007ffd65463000 	C:\WINDOWS\WinSxS\amd64_microsoft.windows.common-controls_6595b64144ccf1df_6.0.26100.8037_none_3e092faae333b53b\COMCTL32.dll
0x00007ffd7a1f0000 - 0x00007ffd7a217000 	C:\WINDOWS\System32\win32u.dll
0x00007ffd7c2e0000 - 0x00007ffd7c389000 	C:\WINDOWS\System32\msvcrt.dll
0x00007ffd7c090000 - 0x00007ffd7c0bb000 	C:\WINDOWS\System32\GDI32.dll
0x00007ffd79800000 - 0x00007ffd7992b000 	C:\WINDOWS\System32\gdi32full.dll
0x00007ffd79d30000 - 0x00007ffd79dd3000 	C:\WINDOWS\System32\msvcp_win.dll
0x00007ffd7c410000 - 0x00007ffd7c441000 	C:\WINDOWS\System32\IMM32.DLL
0x00007ffd674e0000 - 0x00007ffd674ec000 	C:\Program Files\Android\Android Studio\jbr\bin\vcruntime140_1.dll
0x00007ffd4dfb0000 - 0x00007ffd4e03d000 	C:\Program Files\Android\Android Studio\jbr\bin\msvcp140.dll
0x00007ffcc6c20000 - 0x00007ffcc78b6000 	C:\Program Files\Android\Android Studio\jbr\bin\server\jvm.dll
0x00007ffd7c1a0000 - 0x00007ffd7c25b000 	C:\WINDOWS\System32\ADVAPI32.dll
0x00007ffd7b720000 - 0x00007ffd7b7c7000 	C:\WINDOWS\System32\sechost.dll
0x00007ffd7b900000 - 0x00007ffd7ba18000 	C:\WINDOWS\System32\RPCRT4.dll
0x00007ffd7acc0000 - 0x00007ffd7ad34000 	C:\WINDOWS\System32\WS2_32.dll
0x00007ffd79660000 - 0x00007ffd796be000 	C:\WINDOWS\SYSTEM32\POWRPROF.dll
0x00007ffd6fa40000 - 0x00007ffd6fa75000 	C:\WINDOWS\SYSTEM32\WINMM.dll
0x00007ffd6bd60000 - 0x00007ffd6bd6b000 	C:\WINDOWS\SYSTEM32\VERSION.dll
0x00007ffd79640000 - 0x00007ffd79654000 	C:\WINDOWS\SYSTEM32\UMPDC.dll
0x00007ffd78590000 - 0x00007ffd785ab000 	C:\WINDOWS\SYSTEM32\kernel.appcore.dll
0x00007ffd674d0000 - 0x00007ffd674da000 	C:\Program Files\Android\Android Studio\jbr\bin\jimage.dll
0x00007ffd6cbe0000 - 0x00007ffd6ce22000 	C:\WINDOWS\SYSTEM32\DBGHELP.DLL
0x00007ffd7c670000 - 0x00007ffd7c9f2000 	C:\WINDOWS\System32\combase.dll
0x00007ffd7c0c0000 - 0x00007ffd7c197000 	C:\WINDOWS\System32\OLEAUT32.dll
0x00007ffd60bc0000 - 0x00007ffd60bfb000 	C:\WINDOWS\SYSTEM32\dbgcore.DLL
0x00007ffd7a140000 - 0x00007ffd7a1e5000 	C:\WINDOWS\System32\bcryptPrimitives.dll
0x00007ffd65680000 - 0x00007ffd656a0000 	C:\Program Files\Android\Android Studio\jbr\bin\java.dll
0x00007ffd65660000 - 0x00007ffd65678000 	C:\Program Files\Android\Android Studio\jbr\bin\zip.dll
0x00007ffd7ae40000 - 0x00007ffd7b59f000 	C:\WINDOWS\System32\SHELL32.dll
0x00007ffd7a220000 - 0x00007ffd7a38a000 	C:\WINDOWS\System32\wintypes.dll
0x00007ffd7a450000 - 0x00007ffd7acb4000 	C:\WINDOWS\System32\windows.storage.dll
0x00007ffd7ca90000 - 0x00007ffd7cb87000 	C:\WINDOWS\System32\SHCORE.dll
0x00007ffd7c260000 - 0x00007ffd7c2c7000 	C:\WINDOWS\System32\shlwapi.dll
0x00007ffd79720000 - 0x00007ffd79749000 	C:\WINDOWS\SYSTEM32\profapi.dll
0x00007ffd65540000 - 0x00007ffd65550000 	C:\Program Files\Android\Android Studio\jbr\bin\net.dll
0x00007ffd6ea30000 - 0x00007ffd6eb57000 	C:\WINDOWS\SYSTEM32\WINHTTP.dll
0x00007ffd78b00000 - 0x00007ffd78b6b000 	C:\WINDOWS\system32\mswsock.dll
0x00007ffd63e70000 - 0x00007ffd63e86000 	C:\Program Files\Android\Android Studio\jbr\bin\nio.dll
0x00007ffd64d70000 - 0x00007ffd64d80000 	C:\Program Files\Android\Android Studio\jbr\bin\verify.dll

JVMTI agents: none

dbghelp: loaded successfully - version: 4.0.5 - missing functions: none
symbol engine: initialized successfully - sym options: 0x614 - pdb path: .;C:\Program Files\Android\Android Studio\jbr\bin;C:\WINDOWS\SYSTEM32;C:\WINDOWS\WinSxS\amd64_microsoft.windows.common-controls_6595b64144ccf1df_6.0.26100.8037_none_3e092faae333b53b;C:\Program Files\Android\Android Studio\jbr\bin\server

VM Arguments:
java_command: org.jetbrains.kotlin.cli.jvm.K2JVMCompiler @D:\Projects\SchoolSyncTeacher\app\build\20260426_12941249962697540497.compiler.options
java_class_path (initial): C:\Users\91865\.gradle\caches\modules-2\files-2.1\org.jetbrains.kotlin\kotlin-compiler-embeddable\1.9.22\9cd4dc7773cf2a99ecd961a88fbbc9a2da3fb5e1\kotlin-compiler-embeddable-1.9.22.jar;C:\Users\91865\.gradle\caches\modules-2\files-2.1\org.jetbrains.kotlin\kotlin-stdlib\1.9.22\d6c44cd08d8f3f9bece8101216dbe6553365c6e3\kotlin-stdlib-1.9.22.jar;C:\Users\91865\.gradle\caches\modules-2\files-2.1\org.jetbrains.kotlin\kotlin-script-runtime\1.9.22\f8139a46fc677ec9badc49ae954392f4f5e7e7c7\kotlin-script-runtime-1.9.22.jar;C:\Users\91865\.gradle\caches\modules-2\files-2.1\org.jetbrains.kotlin\kotlin-reflect\1.6.10\1cbe9c92c12a94eea200d23c2bbaedaf3daf5132\kotlin-reflect-1.6.10.jar;C:\Users\91865\.gradle\caches\modules-2\files-2.1\org.jetbrains.kotlin\kotlin-daemon-embeddable\1.9.22\20e2c5df715f3240c765cfc222530e2796542021\kotlin-daemon-embeddable-1.9.22.jar;C:\Users\91865\.gradle\caches\modules-2\files-2.1\org.jetbrains.intellij.deps\trove4j\1.0.20200330\3afb14d5f9ceb459d724e907a21145e8ff394f02\trove4j-1.0.20200330.jar;C:\Users\91865\.gradle\caches\modules-2\files-2.1\org.jetbrains\annotations\13.0\919f0dfe192fb4e063e7dacadee7f8bb9a2672a9\annotations-13.0.jar
Launcher Type: SUN_STANDARD

[Global flags]
     intx CICompilerCount                          = 4                                         {product} {ergonomic}
     uint ConcGCThreads                            = 2                                         {product} {ergonomic}
     uint G1ConcRefinementThreads                  = 8                                         {product} {ergonomic}
   size_t G1HeapRegionSize                         = 1048576                                   {product} {ergonomic}
    uintx GCDrainStackTargetSize                   = 64                                        {product} {ergonomic}
   size_t InitialHeapSize                          = 98566144                                  {product} {ergonomic}
   size_t MarkStackSize                            = 4194304                                   {product} {ergonomic}
   size_t MaxHeapSize                              = 1564475392                                {product} {ergonomic}
   size_t MaxNewSize                               = 938475520                                 {product} {ergonomic}
   size_t MinHeapDeltaBytes                        = 1048576                                   {product} {ergonomic}
   size_t MinHeapSize                              = 8388608                                   {product} {ergonomic}
    uintx NonNMethodCodeHeapSize                   = 5839372                                {pd product} {ergonomic}
    uintx NonProfiledCodeHeapSize                  = 122909434                              {pd product} {ergonomic}
    uintx ProfiledCodeHeapSize                     = 122909434                              {pd product} {ergonomic}
    uintx ReservedCodeCacheSize                    = 251658240                              {pd product} {ergonomic}
     bool SegmentedCodeCache                       = true                                      {product} {ergonomic}
   size_t SoftMaxHeapSize                          = 1564475392                             {manageable} {ergonomic}
     bool UseCompressedOops                        = true                           {product lp64_product} {ergonomic}
     bool UseG1GC                                  = true                                      {product} {ergonomic}
     bool UseLargePagesIndividualAllocation        = false                                  {pd product} {ergonomic}

Logging:
Log output configuration:
 #0: stdout all=warning uptime,level,tags foldmultilines=false
 #1: stderr all=off uptime,level,tags foldmultilines=false

Release file:
JAVA_VERSION="21.0.9" 
MODULES="java.base java.compiler java.datatransfer java.xml java.prefs java.desktop java.instrument java.logging java.management java.security.sasl java.naming java.rmi java.management.rmi java.net.http java.scripting java.security.jgss java.transaction.xa java.sql java.sql.rowset java.xml.crypto java.se java.smartcardio jdk.accessibility jdk.internal.jvmstat jdk.attach jdk.charsets jdk.internal.opt jdk.zipfs jdk.compiler jdk.crypto.ec jdk.crypto.cryptoki jdk.dynalink jdk.hotspot.agent jdk.httpserver jdk.internal.ed jdk.internal.le jdk.internal.vm.ci jdk.jartool jdk.javadoc jdk.jcmd jdk.jdeps jdk.jdwp.agent jdk.jdi jdk.jfr jdk.jlink jdk.jsobject jdk.localedata jdk.management jdk.management.agent jdk.management.jfr jdk.naming.dns jdk.naming.rmi jdk.net jdk.sctp jdk.security.auth jdk.security.jgss jdk.unsupported jdk.unsupported.desktop jdk.xml.dom" 
IMPLEMENTOR="JetBrains s.r.o." 
JAVA_RUNTIME_VERSION="21.0.9+-14787801-b1163.94" 
LIBC="default" 
OS_ARCH="x86_64" 
OS_NAME="Windows" 
SOURCE=".:git:0c757ddc9f2f" 

Environment Variables:
JAVA_HOME=C:/Program Files/Android/Android Studio/jbr
PATH=C:\Program Files\Android\Android Studio\jbr\bin;C:\Users\91865\AppData\Local\Android\Sdk\platform-tools;C:\Users\91865\bin;C:\Program Files\Git\mingw64\bin;C:\Program Files\Git\usr\local\bin;C:\Program Files\Git\usr\bin;C:\Program Files\Git\usr\bin;C:\Program Files\Git\mingw64\bin;C:\Program Files\Git\usr\bin;C:\Users\91865\bin;C:\Users\91865\AppData\Local\Programs\Microsoft VS Code;C:\WINDOWS\system32;C:\WINDOWS;C:\WINDOWS\System32\Wbem;C:\WINDOWS\System32\WindowsPowerShell\v1.0;C:\WINDOWS\System32\OpenSSH;C:\Program Files\Git\cmd;C:\xampp\php;C:\composer;C:\Program Files\MySQL\MySQL Server 8.0\bin;C:\ffmpeg\bin;C:\Program Files\nodejs;C:\Users\91865\AppData\Roaming\npm;C:\Users\91865\AppData\Local\Programs\Microsoft VS Code\bin;C:\Users\91865\.fly\bin;C:\Program Files\Git\usr\bin\vendor_perl;C:\Program Files\Git\usr\bin\core_perl
USERNAME=91865
SHELL=C:\Program Files\Git\usr\bin\bash.exe
LANG=en_US.UTF-8
TERM=xterm-256color
OS=Windows_NT
PROCESSOR_IDENTIFIER=AMD64 Family 23 Model 160 Stepping 0, AuthenticAMD
TMP=C:\Users\91865\AppData\Local\Temp
TEMP=C:\Users\91865\AppData\Local\Temp




Periodic native trim disabled

JNI global refs:
JNI global refs: 11, weak refs: 12

JNI global refs memory usage: 835, weak refs: 833

Process memory usage:
Resident Set Size: 247912K (4% of 6108668K total physical memory with 470700K free physical memory)

OOME stack traces (most recent first):
Classloader memory used:
Loader jdk.internal.loader.ClassLoaders$AppClassLoader                                 : 35942K
Loader bootstrap                                                                       : 12976K
Loader java.net.URLClassLoader                                                         : 205K
Loader jdk.internal.loader.ClassLoaders$PlatformClassLoader                            : 19472B

---------------  S Y S T E M  ---------------

OS:
 Windows 11 , 64 bit Build 26100 (10.0.26100.7920)
OS uptime: 11 days 6:07 hours
Hyper-V role detected

CPU: total 8 (initial active 8) (8 cores per cpu, 2 threads per core) family 23 model 160 stepping 0 microcode 0x8a00009, cx8, cmov, fxsr, ht, mmx, 3dnowpref, sse, sse2, sse3, ssse3, sse4a, sse4.1, sse4.2, popcnt, lzcnt, tsc, tscinvbit, avx, avx2, aes, clmul, bmi1, bmi2, adx, sha, fma, vzeroupper, clflush, clflushopt, hv, rdtscp, rdpid, f16c
Processor Information for the first 8 processors :
  Max Mhz: 2401, Current Mhz: 2401, Mhz Limit: 2401

Memory: 4k page, system-wide physical 5965M (460M free)
TotalPageFile size 24397M (AvailPageFile size 1M)
current process WorkingSet (physical memory assigned to process): 242M, peak: 242M
current process commit charge ("private bytes"): 302M, peak: 304M

vm_info: OpenJDK 64-Bit Server VM (21.0.9+-14787801-b1163.94) for windows-amd64 JRE (21.0.9+-14787801-b1163.94), built on 2026-01-27T21:15:44Z by "builder" with MS VC++ 16.10 / 16.11 (VS2019)

END.
